Copyright 1986-2015 Xilinx, Inc. All Rights Reserved.
---------------------------------------------------------------------------------------------
| Tool Version      : Vivado v.2015.4 (win64) Build 1412921 Wed Nov 18 09:43:45 MST 2015
| Date              : Thu Dec 06 20:40:40 2018
| Host              : DESKTOP-U7QS60K running 64-bit major release  (build 9200)
| Command           : report_clock_utilization -file ov7670_top_clock_utilization_routed.rpt
| Design            : ov7670_top
| Device            : 7a35t-cpg236
| Speed File        : -2  PRODUCTION 1.14 2014-09-11
| Temperature Grade : C
---------------------------------------------------------------------------------------------

Clock Utilization Report

Table of Contents
-----------------
1. Clock Primitive Utilization
2. Details of Global Clocks
3. Details of Regional Clocks
4. Details of Multi-Regional Clocks
5. Details of I/O Clocks
6. Details of Local Clocks
7. Clock Regions : Key Resource Utilization
8. Net wise resources used in clock region X0Y0
9. Net wise resources used in clock region X1Y0
10. Net wise resources used in clock region X1Y1

1. Clock Primitive Utilization
------------------------------

+-------+------+-----------+-----------+
| Type  | Used | Available | Num Fixed |
+-------+------+-----------+-----------+
| BUFG  |    4 |        32 |         0 |
| BUFH  |    0 |        72 |         0 |
| BUFIO |    0 |        20 |         0 |
| MMCM  |    0 |         5 |         0 |
| PLL   |    1 |         5 |         0 |
| BUFR  |    0 |        20 |         0 |
| BUFMR |    0 |        10 |         0 |
+-------+------+-----------+-----------+


2. Details of Global Clocks
---------------------------

+-------+----------------------------+-------------------------------------+--------------+-------+
|       |                            |                                     |   Num Loads  |       |
+-------+----------------------------+-------------------------------------+------+-------+-------+
| Index | BUFG Cell                  | Net Name                            | BELs | Sites | Fixed |
+-------+----------------------------+-------------------------------------+------+-------+-------+
|     1 | clk_div/inst/clkf_buf      | clk_div/inst/clkfbout_buf_clk_wiz_0 |    1 |     1 |    no |
|     2 | clk_div/inst/clkout1_buf   | clk_div/inst/clk_out1               |   25 |     7 |    no |
|     3 | OV7670_PCLK_IBUF_BUFG_inst | OV7670_PCLK_IBUF_BUFG               |   90 |    52 |    no |
|     4 | clk_div/inst/clkout2_buf   | clk_div/inst/clk_out2               |  152 |    76 |    no |
+-------+----------------------------+-------------------------------------+------+-------+-------+


+-------+-----------------------------+---------------------------------+--------------+-------+
|       |                             |                                 |   Num Loads  |       |
+-------+-----------------------------+---------------------------------+------+-------+-------+
| Index | PLL Cell                    | Net Name                        | BELs | Sites | Fixed |
+-------+-----------------------------+---------------------------------+------+-------+-------+
|     1 | clk_div/inst/plle2_adv_inst | clk_div/inst/clk_out1_clk_wiz_0 |    1 |     1 |    no |
|     2 | clk_div/inst/plle2_adv_inst | clk_div/inst/clk_out2_clk_wiz_0 |    1 |     1 |    no |
|     3 | clk_div/inst/plle2_adv_inst | clk_div/inst/clkfbout_clk_wiz_0 |    1 |     1 |    no |
+-------+-----------------------------+---------------------------------+------+-------+-------+


3. Details of Regional Clocks
-----------------------------

4. Details of Multi-Regional Clocks
-----------------------------------

5. Details of I/O Clocks
------------------------

6. Details of Local Clocks
--------------------------

+-------+---------------------------+--------------------------------+--------------+-------+
|       |                           |                                |   Num Loads  |       |
+-------+---------------------------+--------------------------------+------+-------+-------+
| Index | Local Clk Src             | Net Name                       | BELs | Sites | Fixed |
+-------+---------------------------+--------------------------------+------+-------+-------+
|     1 | clk_div/inst/clkin1_ibufg | clk_div/inst/clk_in1_clk_wiz_0 |    1 |     1 |   yes |
|     2 | vga_display/vga_hsync_reg | vga_display/vga_hsync_OBUF     |   19 |     8 |    no |
+-------+---------------------------+--------------------------------+------+-------+-------+


7. Clock Regions : Key Resource Utilization
-------------------------------------------

+-------------------+--------------+--------------+--------------+--------------+--------------+--------------+--------------+--------------+--------------+--------------+--------------+--------------+--------------+--------------+--------------+
|                   | Global Clock |     BUFRs    |    BUFMRs    |    BUFIOs    |     MMCM     |      PLL     |      GT      |      PCI     |    ILOGIC    |    OLOGIC    |      FF      |     LUTM     |    RAMB18    |    RAMB36    |    DSP48E1   |
+-------------------+------+-------+------+-------+------+-------+------+-------+------+-------+------+-------+------+-------+------+-------+------+-------+------+-------+------+-------+------+-------+------+-------+------+-------+------+-------+
| Clock Region Name | Used | Avail | Used | Avail | Used | Avail | Used | Avail | Used | Avail | Used | Avail | Used | Avail | Used | Avail | Used | Avail | Used | Avail | Used | Avail | Used | Avail | Used | Avail | Used | Avail | Used | Avail |
+-------------------+------+-------+------+-------+------+-------+------+-------+------+-------+------+-------+------+-------+------+-------+------+-------+------+-------+------+-------+------+-------+------+-------+------+-------+------+-------+
| X0Y0              |    3 |    12 |    0 |     4 |    0 |     2 |    0 |     4 |    0 |     1 |    0 |     1 |    0 |     0 |    0 |     0 |    0 |    50 |    0 |    50 |  205 |  9600 |    0 |  1600 |    1 |    20 |    7 |    10 |    0 |    20 |
| X1Y0              |    3 |    12 |    0 |     4 |    0 |     2 |    0 |     4 |    0 |     1 |    1 |     1 |    0 |     0 |    0 |     0 |    0 |    50 |    0 |    50 |   17 | 12000 |    0 |  1800 |    0 |    40 |   16 |    20 |    0 |    20 |
| X0Y1              |    0 |    12 |    0 |     4 |    0 |     2 |    0 |     4 |    0 |     1 |    0 |     1 |    0 |     0 |    0 |     0 |    0 |    50 |    0 |    50 |    0 |  9600 |    0 |  1600 |    0 |    20 |    0 |    10 |    0 |    20 |
| X1Y1              |    2 |    12 |    0 |     4 |    0 |     2 |    0 |     4 |    0 |     1 |    0 |     1 |    0 |     0 |    0 |     0 |    0 |    50 |    0 |    50 |    0 | 12000 |    0 |  1800 |    0 |    40 |    3 |    20 |    0 |    20 |
| X0Y2              |    0 |    12 |    0 |     4 |    0 |     2 |    0 |     4 |    0 |     1 |    0 |     1 |    0 |     0 |    0 |     0 |    0 |    50 |    0 |    50 |    0 | 14400 |    0 |  1600 |    0 |    20 |    0 |    10 |    0 |    20 |
| X1Y2              |    0 |    12 |    0 |     0 |    0 |     0 |    0 |     0 |    0 |     0 |    0 |     0 |    0 |     5 |    0 |     1 |    0 |     0 |    0 |     0 |    0 |  7600 |    0 |  1200 |    0 |    10 |    0 |     5 |    0 |    20 |
+-------------------+------+-------+------+-------+------+-------+------+-------+------+-------+------+-------+------+-------+------+-------+------+-------+------+-------+------+-------+------+-------+------+-------+------+-------+------+-------+
* RAMB36 site can be used as two RAMB18/FIFO18 sites.


8. Net wise resources used in clock region X0Y0
-----------------------------------------------

+-------------+--------------+-------+-----------+----------+---------+-----------+---------+---------+-----+-------+----------+-----------------------+
| Source Type | BUFHCE Site  | Fixed | MMCM Pins | PLL Pins | GT Pins | BRAM Pins | ILOGICs | OLOGICs | FFs | LUTMs | DSP48E1s |     Clock Net Name    |
+-------------+--------------+-------+-----------+----------+---------+-----------+---------+---------+-----+-------+----------+-----------------------+
| BUFG        | BUFHCE_X0Y9  |   no  |         0 |        0 |       0 |         0 |       0 |       0 |  25 |     0 |        0 | clk_div/inst/clk_out1 |
| BUFG        | BUFHCE_X0Y8  |   no  |         0 |        0 |       0 |         8 |       0 |       0 |  63 |     0 |        0 | OV7670_PCLK_IBUF_BUFG |
| BUFG        | BUFHCE_X0Y10 |   no  |         0 |        0 |       0 |         8 |       0 |       0 | 107 |     0 |        0 | clk_div/inst/clk_out2 |
+-------------+--------------+-------+-----------+----------+---------+-----------+---------+---------+-----+-------+----------+-----------------------+


9. Net wise resources used in clock region X1Y0
-----------------------------------------------

+-------------+-------------+-------+-----------+----------+---------+-----------+---------+---------+-----+-------+----------+-------------------------------------+
| Source Type | BUFHCE Site | Fixed | MMCM Pins | PLL Pins | GT Pins | BRAM Pins | ILOGICs | OLOGICs | FFs | LUTMs | DSP48E1s |            Clock Net Name           |
+-------------+-------------+-------+-----------+----------+---------+-----------+---------+---------+-----+-------+----------+-------------------------------------+
| BUFG        | BUFHCE_X1Y8 |   no  |         0 |        0 |       0 |        16 |       0 |       0 |   0 |     0 |        0 | OV7670_PCLK_IBUF_BUFG               |
| BUFG        | BUFHCE_X1Y0 |   no  |         0 |        1 |       0 |         0 |       0 |       0 |   0 |     0 |        0 | clk_div/inst/clkfbout_buf_clk_wiz_0 |
| BUFG        | BUFHCE_X1Y9 |   no  |         0 |        0 |       0 |        16 |       0 |       0 |  17 |     0 |        0 | clk_div/inst/clk_out2               |
+-------------+-------------+-------+-----------+----------+---------+-----------+---------+---------+-----+-------+----------+-------------------------------------+


10. Net wise resources used in clock region X1Y1
------------------------------------------------

+-------------+--------------+-------+-----------+----------+---------+-----------+---------+---------+-----+-------+----------+-----------------------+
| Source Type | BUFHCE Site  | Fixed | MMCM Pins | PLL Pins | GT Pins | BRAM Pins | ILOGICs | OLOGICs | FFs | LUTMs | DSP48E1s |     Clock Net Name    |
+-------------+--------------+-------+-----------+----------+---------+-----------+---------+---------+-----+-------+----------+-----------------------+
| BUFG        | BUFHCE_X1Y20 |   no  |         0 |        0 |       0 |         3 |       0 |       0 |   0 |     0 |        0 | OV7670_PCLK_IBUF_BUFG |
| BUFG        | BUFHCE_X1Y21 |   no  |         0 |        0 |       0 |         3 |       0 |       0 |   0 |     0 |        0 | clk_div/inst/clk_out2 |
+-------------+--------------+-------+-----------+----------+---------+-----------+---------+---------+-----+-------+----------+-----------------------+



# Location of BUFG Primitives 
set_property LOC BUFGCTRL_X0Y1 [get_cells OV7670_PCLK_IBUF_BUFG_inst]
set_property LOC BUFGCTRL_X0Y2 [get_cells clk_div/inst/clkout1_buf]
set_property LOC BUFGCTRL_X0Y0 [get_cells clk_div/inst/clkout2_buf]
set_property LOC BUFGCTRL_X0Y3 [get_cells clk_div/inst/clkf_buf]

# Location of IO Clock Primitives

# Location of MMCM Clock Primitives

# Location of BUFH Clock Primitives

# Location of BUFR Clock Primitives

# Location of BUFMR Clock Primitives

# Location of PLL Clock Primitives
set_property LOC PLLE2_ADV_X1Y0 [get_cells clk_div/inst/plle2_adv_inst]

# Location of IO Primitives which is load of clock spine
set_property LOC IOB_X0Y25 [get_cells OV7670_XCLK_OBUF_inst]
set_property LOC IOB_X0Y30 [get_cells vga_hsync_OBUF_inst]

# Location of clock ports
set_property LOC IOB_X0Y27 [get_ports OV7670_PCLK]
set_property LOC IOB_X1Y26 [get_ports clk100]

# Clock net "OV7670_PCLK_IBUF_BUFG" driven by instance "OV7670_PCLK_IBUF_BUFG_inst" located at site "BUFGCTRL_X0Y1"
#startgroup
create_pblock {CLKAG_OV7670_PCLK_IBUF_BUFG}
add_cells_to_pblock [get_pblocks  {CLKAG_OV7670_PCLK_IBUF_BUFG}] [get_cells -filter { PRIMITIVE_GROUP != I/O && IS_PRIMITIVE==1 && PRIMITIVE_LEVEL !=INTERNAL } -of_object [get_pins -filter {DIRECTION==IN} -of_objects [get_nets -hierarchical -filter {PARENT=="OV7670_PCLK_IBUF_BUFG"}]]]
resize_pblock [get_pblocks {CLKAG_OV7670_PCLK_IBUF_BUFG}] -add {CLOCKREGION_X0Y0:CLOCKREGION_X0Y0 CLOCKREGION_X1Y0:CLOCKREGION_X1Y0 CLOCKREGION_X1Y1:CLOCKREGION_X1Y1}
#endgroup

# Clock net "clk_div/inst/clk_out1" driven by instance "clk_div/inst/clkout1_buf" located at site "BUFGCTRL_X0Y2"
#startgroup
create_pblock {CLKAG_clk_div/inst/clk_out1}
add_cells_to_pblock [get_pblocks  {CLKAG_clk_div/inst/clk_out1}] [get_cells -filter { PRIMITIVE_GROUP != I/O && IS_PRIMITIVE==1 && PRIMITIVE_LEVEL !=INTERNAL } -of_object [get_pins -filter {DIRECTION==IN} -of_objects [get_nets -hierarchical -filter {PARENT=="clk_div/inst/clk_out1"}]]]
resize_pblock [get_pblocks {CLKAG_clk_div/inst/clk_out1}] -add {CLOCKREGION_X0Y0:CLOCKREGION_X0Y0}
#endgroup

# Clock net "clk_div/inst/clk_out2" driven by instance "clk_div/inst/clkout2_buf" located at site "BUFGCTRL_X0Y0"
#startgroup
create_pblock {CLKAG_clk_div/inst/clk_out2}
add_cells_to_pblock [get_pblocks  {CLKAG_clk_div/inst/clk_out2}] [get_cells -filter { PRIMITIVE_GROUP != I/O && IS_PRIMITIVE==1 && PRIMITIVE_LEVEL !=INTERNAL && NAME!=OV7670_XCLK_OBUF_inst} -of_object [get_pins -filter {DIRECTION==IN} -of_objects [get_nets -hierarchical -filter {PARENT=="clk_div/inst/clk_out2"}]]]
resize_pblock [get_pblocks {CLKAG_clk_div/inst/clk_out2}] -add {CLOCKREGION_X0Y0:CLOCKREGION_X0Y0 CLOCKREGION_X1Y0:CLOCKREGION_X1Y0 CLOCKREGION_X1Y1:CLOCKREGION_X1Y1}
#endgroup

# Clock net "vga_display/vga_hsync_OBUF" driven by instance "vga_display/vga_hsync_reg" located at site "SLICE_X28Y26"
#startgroup
create_pblock {CLKAG_vga_display/vga_hsync_OBUF}
add_cells_to_pblock [get_pblocks  {CLKAG_vga_display/vga_hsync_OBUF}] [get_cells -filter { PRIMITIVE_GROUP != I/O && IS_PRIMITIVE==1 && PRIMITIVE_LEVEL !=INTERNAL && NAME!=vga_hsync_OBUF_inst} -of_object [get_pins -filter {DIRECTION==IN} -of_objects [get_nets -hierarchical -filter {PARENT=="vga_display/vga_hsync_OBUF"}]]]
resize_pblock [get_pblocks {CLKAG_vga_display/vga_hsync_OBUF}] -add {CLOCKREGION_X0Y0:CLOCKREGION_X0Y0}
#endgroup
